22:18:53 **** Build of configuration Debug for project tftlcd ****
make pre-build main-build 
a9-linaro-pre-build-step
' '
'Building file: ../src/main.c'
'Invoking: ARM v7 gcc compiler'
arm-none-eabi-gcc -Wall -O0 -g3 -c -fmessage-length=0 -MT"src/main.o" -mcpu=cortex-a9 -mfpu=vfpv3 -mfloat-abi=hard -I../../tftlcd_bsp/ps7_cortexa9_0/include -MMD -MP -MF"src/main.d" -MT"src/main.o" -o "src/main.o" "../src/main.c"
../src/main.c: In function 'main':
../src/main.c:40:43: warning: passing argument 4 of 'f_read' from incompatible pointer type [-Wincompatible-pointer-types]
     Res = f_read(&fil, buffer, data_size, &NumBytesRead);
                                           ^~~~~~~~~~~~~
In file included from ../src/main.c:5:
../../tftlcd_bsp/ps7_cortexa9_0/include/ff.h:275:54: note: expected 'UINT *' {aka 'unsigned int *'} but argument is of type 'u32 *' {aka 'long unsigned int *'}
 FRESULT f_read (FIL* fp, void* buff, UINT btr, UINT* br);   /* Read data from the file */
                                                ~~~~~~^~
'Finished building: ../src/main.c'
' '
'Building target: tftlcd.elf'
'Invoking: ARM v7 gcc linker'
arm-none-eabi-gcc -mcpu=cortex-a9 -mfpu=vfpv3 -mfloat-abi=hard -Wl,-build-id=none -specs=Xilinx.spec -Wl,-T -Wl,../src/lscript.ld -L../../tftlcd_bsp/ps7_cortexa9_0/lib -o "tftlcd.elf"  ./src/main.o   -Wl,--start-group,-lxil,-lgcc,-lc,--end-group -Wl,--start-group,-lxilffs,-lxil,-lgcc,-lc,--end-group
'Finished building target: tftlcd.elf'
' '
'Invoking: ARM v7 Print Size'
arm-none-eabi-size tftlcd.elf  |tee "tftlcd.elf.size"
   text	   data	    bss	    dec	    hex	filename
  58748	   1628	 287232	 347608	  54dd8	tftlcd.elf
'Finished building: tftlcd.elf.size'
' '

22:18:54 Build Finished (took 1s.211ms)

