13:03:39 **** Incremental Build of configuration Debug for project ps_digital_clock ****
make pre-build main-build 
a9-linaro-pre-build-step
' '
'Building file: ../src/main.c'
'Invoking: ARM v7 gcc compiler'
arm-none-eabi-gcc -Wall -O0 -g3 -c -fmessage-length=0 -MT"src/main.o" -mcpu=cortex-a9 -mfpu=vfpv3 -mfloat-abi=hard -I../../ps_digital_clock_bsp/ps7_cortexa9_0/include -MMD -MP -MF"src/main.d" -MT"src/main.o" -o "src/main.o" "../src/main.c"
../src/main.c: In function 'main':
../src/main.c:31:2: warning: implicit declaration of function 'sprintf' [-Wimplicit-function-declaration]
  sprintf(TlcdReg_upline, "Digital Clock   ");
  ^~~~~~~
../src/main.c:31:2: warning: incompatible implicit declaration of built-in function 'sprintf'
../src/main.c:31:2: note: include '<stdio.h>' or provide a declaration of 'sprintf'
../src/main.c:6:1:
+#include <stdio.h>
 
../src/main.c:31:2:
  sprintf(TlcdReg_upline, "Digital Clock   ");
  ^~~~~~~
../src/main.c:31:43: warning: 'sprintf' writing a terminating nul past the end of the destination [-Wformat-overflow=]
  sprintf(TlcdReg_upline, "Digital Clock   ");
                                           ^
../src/main.c:31:2: note: 'sprintf' output 17 bytes into a destination of size 16
  sprintf(TlcdReg_upline, "Digital Clock   ");
  ^~~~~~~~~~~~~~~~~~~~~~~~~~~~~~~~~~~~~~~~~~~
../src/main.c:35:15: warning: 'SendBuffer' is used uninitialized in this function [-Wuninitialized]
   IicStatus = ReadRTC(Iic, SendBuffer, RecvBuffer);
               ^~~~~~~~~~~~~~~~~~~~~~~~~~~~~~~~~~~~
'Finished building: ../src/main.c'
' '
'Building target: ps_digital_clock.elf'
'Invoking: ARM v7 gcc linker'
arm-none-eabi-gcc -mcpu=cortex-a9 -mfpu=vfpv3 -mfloat-abi=hard -Wl,-build-id=none -specs=Xilinx.spec -Wl,-T -Wl,../src/lscript.ld -L../../ps_digital_clock_bsp/ps7_cortexa9_0/lib -o "ps_digital_clock.elf"  ./src/main.o   -Wl,--start-group,-lxil,-lgcc,-lc,--end-group
'Finished building target: ps_digital_clock.elf'
' '
'Invoking: ARM v7 Print Size'
arm-none-eabi-size ps_digital_clock.elf  |tee "ps_digital_clock.elf.size"
   text	   data	    bss	    dec	    hex	filename
  57764	   2600	  23328	  83692	  146ec	ps_digital_clock.elf
'Finished building: ps_digital_clock.elf.size'
' '

13:03:40 Build Finished (took 1s.162ms)

