22:47:02 **** Build of configuration Debug for project interrupt ****
make pre-build main-build 
a9-linaro-pre-build-step
' '
'Building file: ../src/main.c'
'Invoking: ARM v7 gcc compiler'
arm-none-eabi-gcc -Wall -O0 -g3 -c -fmessage-length=0 -MT"src/main.o" -mcpu=cortex-a9 -mfpu=vfpv3 -mfloat-abi=hard -I../../interrupt_bsp/ps7_cortexa9_0/include -MMD -MP -MF"src/main.d" -MT"src/main.o" -o "src/main.o" "../src/main.c"
'Finished building: ../src/main.c'
' '
'Building target: interrupt.elf'
'Invoking: ARM v7 gcc linker'
arm-none-eabi-gcc -mcpu=cortex-a9 -mfpu=vfpv3 -mfloat-abi=hard -Wl,-build-id=none -specs=Xilinx.spec -Wl,-T -Wl,../src/lscript.ld -L../../interrupt_bsp/ps7_cortexa9_0/lib -o "interrupt.elf"  ./src/main.o   -Wl,--start-group,-lxil,-lgcc,-lc,--end-group
'Finished building target: interrupt.elf'
' '
'Invoking: ARM v7 Print Size'
arm-none-eabi-size interrupt.elf  |tee "interrupt.elf.size"
   text	   data	    bss	    dec	    hex	filename
  33108	   2320	  23288	  58716	   e55c	interrupt.elf
'Finished building: interrupt.elf.size'
' '

22:47:03 Build Finished (took 789ms)

