Copyright 1986-2019 Xilinx, Inc. All Rights Reserved.
-------------------------------------------------------------------------------------------
| Tool Version : Vivado v.2019.1 (win64) Build 2552052 Fri May 24 14:49:42 MDT 2019
| Date         : Mon May 11 22:03:25 2026
| Host         : Woodong_PC_25 running 64-bit major release  (build 9200)
| Command      : report_control_sets -verbose -file system_wrapper_control_sets_placed.rpt
| Design       : system_wrapper
| Device       : xc7z020
-------------------------------------------------------------------------------------------

Control Set Information

Table of Contents
-----------------
1. Summary
2. Histogram
3. Flip-Flop Distribution
4. Detailed Control Set Information

1. Summary
----------

+----------------------------------------------------------+-------+
|                          Status                          | Count |
+----------------------------------------------------------+-------+
| Total control sets                                       |    55 |
|    Minimum number of control sets                        |    55 |
|    Addition due to synthesis replication                 |     0 |
|    Addition due to physical synthesis replication        |     0 |
| Unused register locations in slices containing registers |   120 |
+----------------------------------------------------------+-------+
* Control sets can be merged at opt_design using control_set_merge or merge_equivalent_drivers
** Run report_qor_suggestions for automated merging and remapping suggestions


2. Histogram
------------

+--------------------+-------+
|       Fanout       | Count |
+--------------------+-------+
| Total control sets |    55 |
| >= 0 to < 4        |     2 |
| >= 4 to < 6        |     8 |
| >= 6 to < 8        |     2 |
| >= 8 to < 10       |    18 |
| >= 10 to < 12      |     1 |
| >= 12 to < 14      |     7 |
| >= 14 to < 16      |     2 |
| >= 16              |    15 |
+--------------------+-------+
* Control sets can be remapped at either synth_design or opt_design


3. Flip-Flop Distribution
-------------------------

+--------------+-----------------------+------------------------+-----------------+--------------+
| Clock Enable | Synchronous Set/Reset | Asynchronous Set/Reset | Total Registers | Total Slices |
+--------------+-----------------------+------------------------+-----------------+--------------+
| No           | No                    | No                     |             125 |           44 |
| No           | No                    | Yes                    |              13 |            7 |
| No           | Yes                   | No                     |              28 |           12 |
| Yes          | No                    | No                     |             364 |           78 |
| Yes          | No                    | Yes                    |              26 |            8 |
| Yes          | Yes                   | No                     |             228 |           59 |
+--------------+-----------------------+------------------------+-----------------+--------------+


4. Detailed Control Set Information
-----------------------------------

+--------------------------------------------------------------------------------+--------------------------------------------------------------------------------------------------------------------------------------------------------------+-----------------------------------------------------------------------------------------------------------------------------------------------------+------------------+----------------+
|                                  Clock Signal                                  |                                                                         Enable Signal                                                                        |                                                                   Set/Reset Signal                                                                  | Slice Load Count | Bel Load Count |
+--------------------------------------------------------------------------------+--------------------------------------------------------------------------------------------------------------------------------------------------------------+-----------------------------------------------------------------------------------------------------------------------------------------------------+------------------+----------------+
| ~clk_0_IBUF                                                                    |                                                                                                                                                              | system_i/tftlcd_0/inst/tftlcd_v1_0_S00_AXI_inst/TFTLCDctrl_U0/horizontal_u0/s00_axi_aresetn_0                                                       |                1 |              1 |
|  system_i/processing_system7_0/inst/FCLK_CLK0                                  | system_i/ps7_0_axi_periph/s00_couplers/auto_pc/inst/gen_axilite.gen_b2s_conv.axilite_b2s/WR.b_channel_0/bid_fifo_0/bresp_push                                |                                                                                                                                                     |                1 |              2 |
| ~system_i/tftlcd_0/inst/tftlcd_v1_0_S00_AXI_inst/TFTLCDctrl_U0/g2m_u0/CLK_BUFG |                                                                                                                                                              |                                                                                                                                                     |                2 |              4 |
|  system_i/processing_system7_0/inst/FCLK_CLK0                                  |                                                                                                                                                              | system_i/ps7_0_axi_periph/s00_couplers/auto_pc/inst/gen_axilite.gen_b2s_conv.axilite_b2s/SI_REG/aw.aw_pipe/aresetn_d_reg[0]_0                       |                1 |              4 |
|  system_i/processing_system7_0/inst/FCLK_CLK0                                  |                                                                                                                                                              | system_i/ps7_0_axi_periph/s00_couplers/auto_pc/inst/gen_axilite.gen_b2s_conv.axilite_b2s/SI_REG/ar.ar_pipe/aresetn_d_reg[1]_inv_0                   |                2 |              4 |
|  system_i/processing_system7_0/inst/FCLK_CLK0                                  |                                                                                                                                                              | system_i/rst_ps7_0_50M/U0/EXT_LPF/lpf_int                                                                                                           |                1 |              4 |
|  system_i/processing_system7_0/inst/FCLK_CLK0                                  | system_i/ps7_0_axi_periph/s00_couplers/auto_pc/inst/gen_axilite.gen_b2s_conv.axilite_b2s/RD.r_channel_0/transaction_fifo_0/E[0]                              | system_i/ps7_0_axi_periph/s00_couplers/auto_pc/inst/gen_axilite.gen_b2s_conv.axilite_b2s/areset_d1                                                  |                1 |              5 |
|  system_i/processing_system7_0/inst/FCLK_CLK0                                  | system_i/ps7_0_axi_periph/s00_couplers/auto_pc/inst/gen_axilite.gen_b2s_conv.axilite_b2s/WR.aw_channel_0/aw_cmd_fsm_0/m_valid_i_reg_0                        | system_i/ps7_0_axi_periph/s00_couplers/auto_pc/inst/gen_axilite.gen_b2s_conv.axilite_b2s/WR.aw_channel_0/aw_cmd_fsm_0/m_valid_i_reg                 |                2 |              5 |
|  system_i/processing_system7_0/inst/FCLK_CLK0                                  | system_i/ps7_0_axi_periph/s00_couplers/auto_pc/inst/gen_axilite.gen_b2s_conv.axilite_b2s/RD.ar_channel_0/ar_cmd_fsm_0/m_axi_arready_0                        | system_i/ps7_0_axi_periph/s00_couplers/auto_pc/inst/gen_axilite.gen_b2s_conv.axilite_b2s/RD.ar_channel_0/ar_cmd_fsm_0/FSM_sequential_state_reg[1]_0 |                3 |              5 |
|  system_i/processing_system7_0/inst/FCLK_CLK0                                  | system_i/ps7_0_axi_periph/s00_couplers/auto_pc/inst/gen_axilite.gen_b2s_conv.axilite_b2s/RD.r_channel_0/transaction_fifo_0/cnt_read[4]_i_1__0_n_0            | system_i/ps7_0_axi_periph/s00_couplers/auto_pc/inst/gen_axilite.gen_b2s_conv.axilite_b2s/areset_d1                                                  |                2 |              5 |
|  system_i/processing_system7_0/inst/FCLK_CLK0                                  | system_i/rst_ps7_0_50M/U0/SEQ/seq_cnt_en                                                                                                                     | system_i/rst_ps7_0_50M/U0/SEQ/SEQ_COUNTER/clear                                                                                                     |                1 |              6 |
|  system_i/processing_system7_0/inst/FCLK_CLK0                                  |                                                                                                                                                              | system_i/tftlcd_0/inst/tftlcd_v1_0_S00_AXI_inst/TFTLCDctrl_U0/horizontal_u0/s00_axi_aresetn_0                                                       |                4 |              6 |
|  system_i/processing_system7_0/inst/FCLK_CLK0                                  | system_i/tftlcd_0/inst/tftlcd_v1_0_S00_AXI_inst/slv_reg0[23]_i_1_n_0                                                                                         | system_i/tftlcd_0/inst/tftlcd_v1_0_S00_AXI_inst/TFTLCDctrl_U0/horizontal_u0/s00_axi_aresetn_0                                                       |                1 |              8 |
|  system_i/processing_system7_0/inst/FCLK_CLK0                                  | system_i/tftlcd_0/inst/tftlcd_v1_0_S00_AXI_inst/slv_reg0[31]_i_1_n_0                                                                                         | system_i/tftlcd_0/inst/tftlcd_v1_0_S00_AXI_inst/TFTLCDctrl_U0/horizontal_u0/s00_axi_aresetn_0                                                       |                1 |              8 |
|  system_i/processing_system7_0/inst/FCLK_CLK0                                  | system_i/tftlcd_0/inst/tftlcd_v1_0_S00_AXI_inst/p_1_in[7]                                                                                                    | system_i/tftlcd_0/inst/tftlcd_v1_0_S00_AXI_inst/TFTLCDctrl_U0/horizontal_u0/s00_axi_aresetn_0                                                       |                3 |              8 |
|  system_i/processing_system7_0/inst/FCLK_CLK0                                  | system_i/tftlcd_0/inst/tftlcd_v1_0_S00_AXI_inst/p_1_in[15]                                                                                                   | system_i/tftlcd_0/inst/tftlcd_v1_0_S00_AXI_inst/TFTLCDctrl_U0/horizontal_u0/s00_axi_aresetn_0                                                       |                3 |              8 |
|  system_i/processing_system7_0/inst/FCLK_CLK0                                  | system_i/tftlcd_0/inst/tftlcd_v1_0_S00_AXI_inst/p_1_in[23]                                                                                                   | system_i/tftlcd_0/inst/tftlcd_v1_0_S00_AXI_inst/TFTLCDctrl_U0/horizontal_u0/s00_axi_aresetn_0                                                       |                2 |              8 |
|  system_i/processing_system7_0/inst/FCLK_CLK0                                  | system_i/tftlcd_0/inst/tftlcd_v1_0_S00_AXI_inst/p_1_in[31]                                                                                                   | system_i/tftlcd_0/inst/tftlcd_v1_0_S00_AXI_inst/TFTLCDctrl_U0/horizontal_u0/s00_axi_aresetn_0                                                       |                2 |              8 |
|  system_i/processing_system7_0/inst/FCLK_CLK0                                  | system_i/tftlcd_0/inst/tftlcd_v1_0_S00_AXI_inst/slv_reg1[15]_i_1_n_0                                                                                         | system_i/tftlcd_0/inst/tftlcd_v1_0_S00_AXI_inst/TFTLCDctrl_U0/horizontal_u0/s00_axi_aresetn_0                                                       |                3 |              8 |
|  system_i/processing_system7_0/inst/FCLK_CLK0                                  | system_i/tftlcd_0/inst/tftlcd_v1_0_S00_AXI_inst/slv_reg1[23]_i_1_n_0                                                                                         | system_i/tftlcd_0/inst/tftlcd_v1_0_S00_AXI_inst/TFTLCDctrl_U0/horizontal_u0/s00_axi_aresetn_0                                                       |                1 |              8 |
|  system_i/processing_system7_0/inst/FCLK_CLK0                                  | system_i/tftlcd_0/inst/tftlcd_v1_0_S00_AXI_inst/slv_reg2[7]_i_1_n_0                                                                                          | system_i/tftlcd_0/inst/tftlcd_v1_0_S00_AXI_inst/TFTLCDctrl_U0/horizontal_u0/s00_axi_aresetn_0                                                       |                3 |              8 |
|  system_i/processing_system7_0/inst/FCLK_CLK0                                  | system_i/tftlcd_0/inst/tftlcd_v1_0_S00_AXI_inst/slv_reg2[31]_i_1_n_0                                                                                         | system_i/tftlcd_0/inst/tftlcd_v1_0_S00_AXI_inst/TFTLCDctrl_U0/horizontal_u0/s00_axi_aresetn_0                                                       |                2 |              8 |
|  system_i/processing_system7_0/inst/FCLK_CLK0                                  | system_i/tftlcd_0/inst/tftlcd_v1_0_S00_AXI_inst/slv_reg0[7]_i_1_n_0                                                                                          | system_i/tftlcd_0/inst/tftlcd_v1_0_S00_AXI_inst/TFTLCDctrl_U0/horizontal_u0/s00_axi_aresetn_0                                                       |                1 |              8 |
|  system_i/processing_system7_0/inst/FCLK_CLK0                                  | system_i/tftlcd_0/inst/tftlcd_v1_0_S00_AXI_inst/slv_reg1[7]_i_1_n_0                                                                                          | system_i/tftlcd_0/inst/tftlcd_v1_0_S00_AXI_inst/TFTLCDctrl_U0/horizontal_u0/s00_axi_aresetn_0                                                       |                3 |              8 |
|  system_i/processing_system7_0/inst/FCLK_CLK0                                  | system_i/tftlcd_0/inst/tftlcd_v1_0_S00_AXI_inst/slv_reg2[15]_i_1_n_0                                                                                         | system_i/tftlcd_0/inst/tftlcd_v1_0_S00_AXI_inst/TFTLCDctrl_U0/horizontal_u0/s00_axi_aresetn_0                                                       |                2 |              8 |
|  system_i/processing_system7_0/inst/FCLK_CLK0                                  | system_i/tftlcd_0/inst/tftlcd_v1_0_S00_AXI_inst/slv_reg2[23]_i_1_n_0                                                                                         | system_i/tftlcd_0/inst/tftlcd_v1_0_S00_AXI_inst/TFTLCDctrl_U0/horizontal_u0/s00_axi_aresetn_0                                                       |                1 |              8 |
|  system_i/processing_system7_0/inst/FCLK_CLK0                                  | system_i/ps7_0_axi_periph/s00_couplers/auto_pc/inst/gen_axilite.gen_b2s_conv.axilite_b2s/WR.b_channel_0/mhandshake_r                                         | system_i/ps7_0_axi_periph/s00_couplers/auto_pc/inst/gen_axilite.gen_b2s_conv.axilite_b2s/WR.b_channel_0/bid_fifo_0/SR[0]                            |                3 |              8 |
|  system_i/processing_system7_0/inst/FCLK_CLK0                                  | system_i/tftlcd_0/inst/tftlcd_v1_0_S00_AXI_inst/slv_reg1[31]_i_1_n_0                                                                                         | system_i/tftlcd_0/inst/tftlcd_v1_0_S00_AXI_inst/TFTLCDctrl_U0/horizontal_u0/s00_axi_aresetn_0                                                       |                1 |              8 |
|  system_i/processing_system7_0/inst/FCLK_CLK0                                  | system_i/tftlcd_0/inst/tftlcd_v1_0_S00_AXI_inst/slv_reg0[15]_i_1_n_0                                                                                         | system_i/tftlcd_0/inst/tftlcd_v1_0_S00_AXI_inst/TFTLCDctrl_U0/horizontal_u0/s00_axi_aresetn_0                                                       |                2 |              8 |
| ~system_i/tftlcd_0/inst/tftlcd_v1_0_S00_AXI_inst/TFTLCDctrl_U0/g2m_u0/CLK_BUFG | system_i/tftlcd_0/inst/tftlcd_v1_0_S00_AXI_inst/TFTLCDctrl_U0/horizontal_u0/E[0]                                                                             | system_i/tftlcd_0/inst/tftlcd_v1_0_S00_AXI_inst/TFTLCDctrl_U0/horizontal_u0/s00_axi_aresetn_0                                                       |                3 |              9 |
|  system_i/processing_system7_0/inst/FCLK_CLK0                                  |                                                                                                                                                              | system_i/ps7_0_axi_periph/s00_couplers/auto_pc/inst/gen_axilite.gen_b2s_conv.axilite_b2s/areset_d1                                                  |                4 |             10 |
|  system_i/tftlcd_0/inst/tftlcd_v1_0_S00_AXI_inst/TFTLCDctrl_U0/g2m_u0/CLK_BUFG |                                                                                                                                                              |                                                                                                                                                     |                5 |             12 |
| ~system_i/tftlcd_0/inst/tftlcd_v1_0_S00_AXI_inst/TFTLCDctrl_U0/g2m_u0/CLK_BUFG |                                                                                                                                                              | system_i/tftlcd_0/inst/tftlcd_v1_0_S00_AXI_inst/TFTLCDctrl_U0/horizontal_u0/s00_axi_aresetn_0                                                       |                6 |             12 |
|  system_i/processing_system7_0/inst/FCLK_CLK0                                  | system_i/ps7_0_axi_periph/s00_couplers/auto_pc/inst/gen_axilite.gen_b2s_conv.axilite_b2s/WR.aw_channel_0/aw_cmd_fsm_0/E[0]                                   |                                                                                                                                                     |                6 |             12 |
|  system_i/processing_system7_0/inst/FCLK_CLK0                                  | system_i/ps7_0_axi_periph/s00_couplers/auto_pc/inst/gen_axilite.gen_b2s_conv.axilite_b2s/RD.ar_channel_0/ar_cmd_fsm_0/sel_first_reg[0]                       |                                                                                                                                                     |                2 |             12 |
|  system_i/processing_system7_0/inst/FCLK_CLK0                                  | system_i/ps7_0_axi_periph/s00_couplers/auto_pc/inst/gen_axilite.gen_b2s_conv.axilite_b2s/WR.aw_channel_0/cmd_translator_0/incr_cmd_0/axaddr_incr[11]_i_1_n_0 |                                                                                                                                                     |                2 |             12 |
|  system_i/processing_system7_0/inst/FCLK_CLK0                                  | system_i/ps7_0_axi_periph/s00_couplers/auto_pc/inst/gen_axilite.gen_b2s_conv.axilite_b2s/RD.ar_channel_0/ar_cmd_fsm_0/E[0]                                   |                                                                                                                                                     |                7 |             12 |
|  system_i/processing_system7_0/inst/FCLK_CLK0                                  | system_i/ps7_0_axi_periph/s00_couplers/auto_pc/inst/gen_axilite.gen_b2s_conv.axilite_b2s/RD.r_channel_0/r_push_r                                             |                                                                                                                                                     |                4 |             13 |
|  system_i/processing_system7_0/inst/FCLK_CLK0                                  | system_i/ps7_0_axi_periph/s00_couplers/auto_pc/inst/gen_axilite.gen_b2s_conv.axilite_b2s/SI_REG/b.b_pipe/p_1_in                                              |                                                                                                                                                     |                2 |             14 |
|  system_i/processing_system7_0/inst/FCLK_CLK0                                  | system_i/ps7_0_axi_periph/s00_couplers/auto_pc/inst/gen_axilite.gen_b2s_conv.axilite_b2s/SI_REG/b.b_pipe/s_ready_i_reg_0                                     |                                                                                                                                                     |                3 |             14 |
|  system_i/processing_system7_0/inst/FCLK_CLK0                                  | system_i/ps7_0_axi_periph/s00_couplers/auto_pc/inst/gen_axilite.gen_b2s_conv.axilite_b2s/WR.aw_channel_0/aw_cmd_fsm_0/b_push                                 |                                                                                                                                                     |                3 |             16 |
| ~system_i/tftlcd_0/inst/tftlcd_v1_0_S00_AXI_inst/TFTLCDctrl_U0/g2m_u0/CLK_BUFG | system_i/tftlcd_0/inst/tftlcd_v1_0_S00_AXI_inst/TFTLCDctrl_U0/vertical_u0/E[0]                                                                               | system_i/tftlcd_0/inst/tftlcd_v1_0_S00_AXI_inst/TFTLCDctrl_U0/horizontal_u0/s00_axi_aresetn_0                                                       |                5 |             17 |
|  system_i/processing_system7_0/inst/FCLK_CLK0                                  | system_i/tftlcd_0/inst/tftlcd_v1_0_S00_AXI_inst/axi_arready0                                                                                                 | system_i/tftlcd_0/inst/tftlcd_v1_0_S00_AXI_inst/TFTLCDctrl_U0/horizontal_u0/s00_axi_aresetn_0                                                       |                5 |             17 |
|  system_i/processing_system7_0/inst/FCLK_CLK0                                  | system_i/tftlcd_0/inst/tftlcd_v1_0_S00_AXI_inst/axi_awready0                                                                                                 | system_i/tftlcd_0/inst/tftlcd_v1_0_S00_AXI_inst/TFTLCDctrl_U0/horizontal_u0/s00_axi_aresetn_0                                                       |                4 |             17 |
|  system_i/processing_system7_0/inst/FCLK_CLK0                                  | system_i/ps7_0_axi_periph/s00_couplers/auto_pc/inst/gen_axilite.gen_b2s_conv.axilite_b2s/RD.ar_channel_0/ar_cmd_fsm_0/m_axi_arready_0                        |                                                                                                                                                     |                8 |             21 |
|  system_i/processing_system7_0/inst/FCLK_CLK0                                  | system_i/ps7_0_axi_periph/s00_couplers/auto_pc/inst/gen_axilite.gen_b2s_conv.axilite_b2s/WR.aw_channel_0/aw_cmd_fsm_0/m_valid_i_reg_0                        |                                                                                                                                                     |                9 |             21 |
|  system_i/processing_system7_0/inst/FCLK_CLK0                                  | system_i/tftlcd_0/inst/tftlcd_v1_0_S00_AXI_inst/slv_reg_rden__0                                                                                              | system_i/tftlcd_0/inst/tftlcd_v1_0_S00_AXI_inst/TFTLCDctrl_U0/horizontal_u0/s00_axi_aresetn_0                                                       |                7 |             32 |
|  system_i/processing_system7_0/inst/FCLK_CLK0                                  | system_i/ps7_0_axi_periph/s00_couplers/auto_pc/inst/gen_axilite.gen_b2s_conv.axilite_b2s/RD.r_channel_0/rd_data_fifo_0/wr_en0                                |                                                                                                                                                     |                8 |             32 |
|  system_i/processing_system7_0/inst/FCLK_CLK0                                  | system_i/ps7_0_axi_periph/s00_couplers/auto_pc/inst/gen_axilite.gen_b2s_conv.axilite_b2s/SI_REG/ar.ar_pipe/s_ready_i_reg_0                                   |                                                                                                                                                     |                7 |             39 |
|  system_i/processing_system7_0/inst/FCLK_CLK0                                  | system_i/ps7_0_axi_periph/s00_couplers/auto_pc/inst/gen_axilite.gen_b2s_conv.axilite_b2s/SI_REG/aw.aw_pipe/s_ready_i_reg_0                                   |                                                                                                                                                     |                6 |             39 |
|  system_i/processing_system7_0/inst/FCLK_CLK0                                  | system_i/ps7_0_axi_periph/s00_couplers/auto_pc/inst/gen_axilite.gen_b2s_conv.axilite_b2s/RD.ar_channel_0/ar_cmd_fsm_0/FSM_sequential_state_reg[1]_1[0]       |                                                                                                                                                     |                6 |             39 |
|  system_i/processing_system7_0/inst/FCLK_CLK0                                  | system_i/ps7_0_axi_periph/s00_couplers/auto_pc/inst/gen_axilite.gen_b2s_conv.axilite_b2s/WR.aw_channel_0/aw_cmd_fsm_0/m_valid_i_reg_1[0]                     |                                                                                                                                                     |                6 |             39 |
|  system_i/processing_system7_0/inst/FCLK_CLK0                                  | system_i/ps7_0_axi_periph/s00_couplers/auto_pc/inst/gen_axilite.gen_b2s_conv.axilite_b2s/SI_REG/r.r_pipe/s_ready_i_reg_0                                     |                                                                                                                                                     |                7 |             45 |
|  system_i/processing_system7_0/inst/FCLK_CLK0                                  | system_i/ps7_0_axi_periph/s00_couplers/auto_pc/inst/gen_axilite.gen_b2s_conv.axilite_b2s/SI_REG/r.r_pipe/p_1_in                                              |                                                                                                                                                     |                7 |             45 |
|  system_i/processing_system7_0/inst/FCLK_CLK0                                  |                                                                                                                                                              |                                                                                                                                                     |               38 |            110 |
+--------------------------------------------------------------------------------+--------------------------------------------------------------------------------------------------------------------------------------------------------------+-----------------------------------------------------------------------------------------------------------------------------------------------------+------------------+----------------+


